// Jest Snapshot v1, https://goo.gl/fbAQLP

exports[`404 page 1`] = `
<div>
  not found
</div>
`;
